{
   "flows": [
      {
         "path": "application/flow/flow.json",
         "resources": {
            "watch": [
               "."
            ],
            "embed": [
               "."
            ],
            "list": []
         },
         "references": {
            "local": {
               "self": "application/flow/flow.json"
            }
         }
      }
   ],
   "themes": [
      {
         "path": "bower_components/laxar-uikit/dist/themes/default.theme",
         "name": "default.theme",
         "resources": {
            "watch": [
               "css/theme.css"
            ],
            "list": [
               "css/theme.css"
            ],
            "embed": []
         },
         "references": {
            "local": {
               "self": "default.theme"
            }
         }
      },
      {
         "path": "themes/test.theme",
         "name": "test.theme",
         "resources": {
            "watch": [
               "css/theme.css"
            ],
            "list": [
               "css/theme.css"
            ],
            "embed": []
         },
         "references": {
            "local": {
               "self": "test.theme"
            }
         }
      },
      {
         "path": "themes/test2.theme",
         "name": "test2.theme",
         "resources": {
            "watch": [
               "css/theme.css"
            ],
            "list": [
               "css/theme.css"
            ],
            "embed": []
         },
         "references": {
            "local": {
               "self": "test2.theme"
            }
         }
      }
   ],
   "pages": [
      {
         "layouts": [
            "example",
            "start"
         ],
         "path": "application/pages/start.json",
         "resources": {
            "watch": [
               "."
            ],
            "embed": [
               "."
            ],
            "list": []
         },
         "references": {
            "local": {
               "self": "start"
            }
         },
         "pages": [],
         "widgets": [
            "default/test_widget",
            "default/local_widget",
            "default/plain_widget",
            "amd:bower-widget",
            "default/plain-activity"
         ]
      }
   ],
   "layouts": [
      {
         "resources": {
            "list": [
               "/themes/test2.theme/layouts/example/css/example.css",
               "/themes/test.theme/layouts/example/css/example.css",
               "/application/layouts/example/test.theme/css/example.css",
               "/application/layouts/example/test2.theme/css/example.css",
               "/application/layouts/example/default.theme/css/example.css"
            ],
            "watch": [
               "/themes/test2.theme/layouts/example/css/example.css",
               "/themes/test.theme/layouts/example/css/example.css",
               "/application/layouts/example/test.theme/css/example.css",
               "/application/layouts/example/test2.theme/css/example.css",
               "/application/layouts/example/default.theme/css/example.css",
               "/themes/test2.theme/layouts/example/example.html",
               "/themes/test.theme/layouts/example/example.html",
               "/application/layouts/example/test.theme/example.html",
               "/application/layouts/example/test2.theme/example.html",
               "/application/layouts/example/default.theme/example.html"
            ],
            "embed": [
               "/themes/test2.theme/layouts/example/example.html",
               "/themes/test.theme/layouts/example/example.html",
               "/application/layouts/example/test.theme/example.html",
               "/application/layouts/example/test2.theme/example.html",
               "/application/layouts/example/default.theme/example.html"
            ]
         },
         "references": {
            "local": {
               "self": "example"
            }
         }
      },
      {
         "resources": {
            "list": [
               "/themes/test2.theme/layouts/start/css/start.css",
               "/themes/test.theme/layouts/start/css/start.css",
               "/application/layouts/start/test.theme/css/start.css",
               "/application/layouts/start/test2.theme/css/start.css",
               "/application/layouts/start/default.theme/css/start.css"
            ],
            "watch": [
               "/themes/test2.theme/layouts/start/css/start.css",
               "/themes/test.theme/layouts/start/css/start.css",
               "/application/layouts/start/test.theme/css/start.css",
               "/application/layouts/start/test2.theme/css/start.css",
               "/application/layouts/start/default.theme/css/start.css",
               "/themes/test2.theme/layouts/start/start.html",
               "/themes/test.theme/layouts/start/start.html",
               "/application/layouts/start/test.theme/start.html",
               "/application/layouts/start/test2.theme/start.html",
               "/application/layouts/start/default.theme/start.html"
            ],
            "embed": [
               "/themes/test2.theme/layouts/start/start.html",
               "/themes/test.theme/layouts/start/start.html",
               "/application/layouts/start/test.theme/start.html",
               "/application/layouts/start/test2.theme/start.html",
               "/application/layouts/start/default.theme/start.html"
            ]
         },
         "references": {
            "local": {
               "self": "start"
            }
         }
      }
   ],
   "widgets": [
      {
         "path": "bower_components/bower-widget",
         "integration": {
            "technology": "plain",
            "type": "widget"
         },
         "resources": {
            "watch": [
               "/themes/test2.theme/widgets/b-widget/b-widget.html",
               "/themes/test2.theme/widgets/b-widget/css/b-widget.css",
               "/themes/test.theme/widgets/b-widget/b-widget.html",
               "/themes/test.theme/widgets/b-widget/css/b-widget.css",
               "widget.json",
               "*.theme/b-widget.html",
               "*.theme/css/b-widget.css",
               "b-widget.js"
            ],
            "embed": [
               "/themes/test2.theme/widgets/b-widget/b-widget.html",
               "/themes/test.theme/widgets/b-widget/b-widget.html",
               "widget.json",
               "*.theme/b-widget.html"
            ],
            "list": [
               "/themes/test2.theme/widgets/b-widget/css/b-widget.css",
               "/themes/test.theme/widgets/b-widget/css/b-widget.css",
               "*.theme/css/b-widget.css"
            ]
         },
         "references": {
            "local": {
               "self": "../bower_components/bower-widget"
            },
            "amd": {
               "self": "bower-widget",
               "module": "bower-widget/b-widget"
            }
         },
         "controls": [],
         "referencedAs": {
            "byUser": "amd:bower-widget",
            "derivedScheme": "amd",
            "derivedReference": "bower-widget"
         }
      },
      {
         "path": "widgets/default/local_widget",
         "integration": {
            "technology": "angular",
            "type": "widget"
         },
         "resources": {
            "watch": [
               "/themes/test2.theme/widgets/default/local_widget/local_widget.html",
               "/themes/test2.theme/widgets/default/local_widget/css/local_widget.css",
               "/themes/test.theme/widgets/default/local_widget/local_widget.html",
               "/themes/test.theme/widgets/default/local_widget/css/local_widget.css",
               "widget.json",
               "*.theme/local_widget.html",
               "*.theme/css/local_widget.css",
               "local_widget.js"
            ],
            "embed": [
               "/themes/test2.theme/widgets/default/local_widget/local_widget.html",
               "/themes/test.theme/widgets/default/local_widget/local_widget.html",
               "widget.json",
               "*.theme/local_widget.html"
            ],
            "list": [
               "/themes/test2.theme/widgets/default/local_widget/css/local_widget.css",
               "/themes/test.theme/widgets/default/local_widget/css/local_widget.css",
               "*.theme/css/local_widget.css"
            ]
         },
         "references": {
            "local": {
               "self": "default/local_widget"
            },
            "amd": {
               "self": "../widgets/default/local_widget",
               "module": "laxar-application/widgets/default/local_widget/local_widget"
            }
         },
         "controls": [],
         "referencedAs": {
            "byUser": "default/local_widget",
            "derivedReference": "default/local_widget"
         }
      },
      {
         "path": "widgets/default/plain-activity",
         "integration": {
            "technology": "plain",
            "type": "activity"
         },
         "resources": {
            "watch": [
               "widget.json",
               "plain-activity.js"
            ],
            "embed": [
               "widget.json"
            ],
            "list": []
         },
         "references": {
            "local": {
               "self": "default/plain-activity"
            },
            "amd": {
               "self": "../widgets/default/plain-activity",
               "module": "laxar-application/widgets/default/plain-activity/plain-activity"
            }
         },
         "controls": [],
         "referencedAs": {
            "byUser": "default/plain-activity",
            "derivedReference": "default/plain-activity"
         }
      },
      {
         "path": "widgets/default/plain_widget",
         "integration": {
            "technology": "plain",
            "type": "widget"
         },
         "resources": {
            "watch": [
               "/themes/test2.theme/widgets/default/plain_widget/plain_widget.html",
               "/themes/test2.theme/widgets/default/plain_widget/css/plain_widget.css",
               "/themes/test.theme/widgets/default/plain_widget/plain_widget.html",
               "/themes/test.theme/widgets/default/plain_widget/css/plain_widget.css",
               "widget.json",
               "*.theme/plain_widget.html",
               "*.theme/css/plain_widget.css",
               "plain_widget.js"
            ],
            "embed": [
               "/themes/test2.theme/widgets/default/plain_widget/plain_widget.html",
               "/themes/test.theme/widgets/default/plain_widget/plain_widget.html",
               "widget.json",
               "*.theme/plain_widget.html"
            ],
            "list": [
               "/themes/test2.theme/widgets/default/plain_widget/css/plain_widget.css",
               "/themes/test.theme/widgets/default/plain_widget/css/plain_widget.css",
               "*.theme/css/plain_widget.css"
            ]
         },
         "references": {
            "local": {
               "self": "default/plain_widget"
            },
            "amd": {
               "self": "../widgets/default/plain_widget",
               "module": "laxar-application/widgets/default/plain_widget/plain_widget"
            }
         },
         "controls": [],
         "referencedAs": {
            "byUser": "default/plain_widget",
            "derivedReference": "default/plain_widget"
         }
      },
      {
         "path": "widgets/default/test_widget",
         "integration": {
            "technology": "angular",
            "type": "widget"
         },
         "resources": {
            "watch": [
               "/themes/test2.theme/widgets/default/test_widget/test_widget.html",
               "/themes/test2.theme/widgets/default/test_widget/css/test_widget.css",
               "/themes/test.theme/widgets/default/test_widget/test_widget.html",
               "/themes/test.theme/widgets/default/test_widget/css/test_widget.css",
               "widget.json",
               "*.theme/test_widget.html",
               "data.json",
               "*.theme/css/test_widget.css",
               "messages-en.json",
               "messages-de.json",
               "test_widget.js",
               "*.js"
            ],
            "embed": [
               "/themes/test2.theme/widgets/default/test_widget/test_widget.html",
               "/themes/test.theme/widgets/default/test_widget/test_widget.html",
               "widget.json",
               "*.theme/test_widget.html",
               "data.json"
            ],
            "list": [
               "/themes/test2.theme/widgets/default/test_widget/css/test_widget.css",
               "/themes/test.theme/widgets/default/test_widget/css/test_widget.css",
               "*.theme/css/test_widget.css",
               "messages-en.json",
               "messages-de.json"
            ]
         },
         "references": {
            "local": {
               "self": "default/test_widget"
            },
            "amd": {
               "self": "../widgets/default/test_widget",
               "module": "laxar-application/widgets/default/test_widget/test_widget"
            }
         },
         "controls": [
            "laxar-path-controls/ax-old-style-control/ax-old-style-control",
            "laxar-path-controls/ax-test-control"
         ],
         "referencedAs": {
            "byUser": "default/test_widget",
            "derivedReference": "default/test_widget"
         }
      }
   ],
   "controls": [
      {
         "path": "controls/ax-old-style-control/ax-old-style-control",
         "integration": {
            "technology": "angular",
            "type": "control"
         },
         "resources": {
            "watch": [
               "/themes/test2.theme/controls/ax-old-style-control/css/ax-old-style-control.css",
               "/themes/test.theme/controls/ax-old-style-control/css/ax-old-style-control.css",
               "*.theme/css/ax-old-style-control.css",
               "ax-old-style-control.js"
            ],
            "embed": [
               "control.json"
            ],
            "list": [
               "/themes/test2.theme/controls/ax-old-style-control/css/ax-old-style-control.css",
               "/themes/test.theme/controls/ax-old-style-control/css/ax-old-style-control.css",
               "*.theme/css/ax-old-style-control.css"
            ]
         },
         "references": {
            "local": {
               "self": "ax-old-style-control/ax-old-style-control"
            },
            "amd": {
               "self": "../controls/ax-old-style-control/ax-old-style-control",
               "module": "laxar-path-controls/ax-old-style-control/ax-old-style-control/ax-old-style-control"
            }
         },
         "referencedAs": {
            "byUser": "laxar-path-controls/ax-old-style-control/ax-old-style-control",
            "derivedScheme": "amd",
            "derivedReference": "laxar-path-controls/ax-old-style-control/ax-old-style-control"
         }
      },
      {
         "path": "controls/ax-test-control",
         "integration": {
            "technology": "angular",
            "type": "control"
         },
         "resources": {
            "watch": [
               "/themes/test2.theme/controls/ax-new-style-control/css/ax-new-style-control.css",
               "/themes/test.theme/controls/ax-new-style-control/css/ax-new-style-control.css",
               "*.theme/css/ax-new-style-control.css",
               "ax-new-style-control.js"
            ],
            "embed": [
               "control.json"
            ],
            "list": [
               "/themes/test2.theme/controls/ax-new-style-control/css/ax-new-style-control.css",
               "/themes/test.theme/controls/ax-new-style-control/css/ax-new-style-control.css",
               "*.theme/css/ax-new-style-control.css"
            ]
         },
         "references": {
            "local": {
               "self": "ax-test-control"
            },
            "amd": {
               "self": "../controls/ax-test-control",
               "module": "laxar-path-controls/ax-test-control/ax-new-style-control"
            }
         },
         "referencedAs": {
            "byUser": "laxar-path-controls/ax-test-control",
            "derivedScheme": "amd",
            "derivedReference": "laxar-path-controls/ax-test-control"
         }
      }
   ]
}
