{
   "application": {
      "flow": {
         "flow.json": "{\"places\":{\"entry\":{\"redirectTo\":\"start\"},\"start\":{\"page\":\"start\"}}}"
      },
      "layouts": {
         "example": {
            "default.theme": {
               "css": {
                  "example.css": 1
               },
               "example.html": "<div class=\"example-layout\"> <div data-ax-widget-area=\"example\"></div> </div> "
            }
         },
         "start": {
            "default.theme": {
               "start.html": "<div class=\"ax-start-wrapper\"> <div class=\"ax-start-content\" data-ax-widget-area=\"content\"></div> </div> "
            }
         }
      },
      "pages": {
         "start.json": "{\"layout\":\"start\",\"areas\":{\"content\":[{\"layout\":\"example\"},{\"widget\":\"default/test_widget\",\"features\":{}},{\"widget\":\"default/test_widget\",\"features\":{}},{\"widget\":\"default/local_widget\",\"features\":{}},{\"widget\":\"default/plain_widget\"},{\"widget\":\"amd:bower-widget\"},{\"widget\":\"default/plain-activity\"}]}}"
      }
   },
   "bower_components": {
      "bower-widget": {
         "widget.json": "{\"name\":\"b-widget\",\"description\":\"A widget installed via bower\",\"version\":{\"spec\":\"0.1.0\"},\"integration\":{\"technology\":\"plain\",\"type\":\"widget\"},\"features\":{}}"
      },
      "laxar-uikit": {
         "dist": {
            "themes": {
               "default.theme": {
                  "css": {
                     "theme.css": 1
                  }
               }
            }
         }
      }
   },
   "controls": {
      "ax-old-style-control": {
         "ax-old-style-control": {
            "default.theme": {
               "css": {
                  "ax-old-style-control.css": 1
               }
            }
         }
      },
      "ax-test-control": {
         "control.json": "{\"name\":\"ax-new-style-control\",\"description\":\"A control that has an internal name (that is different from the external name in this case).\",\"integration\":{\"technology\":\"angular\"}}",
         "default.theme": {
            "css": {
               "ax-new-style-control.css": 1
            }
         },
         "test2.theme": {
            "css": {
               "ax-new-style-control.css": 1
            }
         }
      }
   },
   "themes": {
      "test.theme": {
         "controls": {
            "ax-new-style-control": {
               "css": {
                  "ax-new-style-control.css": 1
               }
            }
         },
         "css": {
            "theme.css": 1
         },
         "layouts": {
            "example": {
               "css": {
                  "example.css": 1
               }
            }
         }
      },
      "test2.theme": {
         "css": {
            "theme.css": 1
         }
      }
   },
   "widgets": {
      "default": {
         "local_widget": {
            "default.theme": {
               "css": {
                  "local_widget.css": 1
               }
            },
            "test.theme": {
               "css": {
                  "local_widget.css": 1
               }
            },
            "widget.json": "{\"name\":\"LocalWidget\",\"description\":\"A widget with embedded test.theme styling\",\"version\":{\"spec\":\"0.1.0\"},\"integration\":{\"technology\":\"angular\",\"type\":\"widget\"},\"features\":{}}"
         },
         "plain-activity": {
            "widget.json": "{\"name\":\"plain-activity\",\"description\":\"A plain activity\",\"version\":{\"spec\":\"0.1.0\"},\"integration\":{\"technology\":\"plain\",\"type\":\"activity\"},\"features\":{}}"
         },
         "plain_widget": {
            "widget.json": "{\"name\":\"PlainWidget\",\"description\":\"A plain widget\",\"version\":{\"spec\":\"0.1.0\"},\"integration\":{\"technology\":\"plain\",\"type\":\"widget\"},\"features\":{}}"
         },
         "test_widget": {
            "default.theme": {
               "css": {
                  "test_widget.css": 1
               },
               "test_widget.html": "<!-- :) --> "
            },
            "widget.json": "{\"name\":\"TestWidget\",\"description\":\"A regular test widget\",\"version\":{\"spec\":\"0.1.0\"},\"integration\":{\"technology\":\"angular\",\"type\":\"widget\"},\"controls\":[\"laxar-path-controls/ax-old-style-control/ax-old-style-control\",\"laxar-path-controls/ax-test-control\"],\"features\":{},\"resources\":{\"watch\":[\"*.js\"],\"list\":[\"messages-en.json\",\"messages-de.json\"],\"embed\":[\"data.json\"]}}"
         }
      }
   }
}
